Ipc(BottomUpExec(CertifiedMessage { message: BottomUpCheckpoint { subnet_id: SubnetID { root: 11629819923713701600, children: [Address { payload: Delegated(DelegatedAddress { namespace: 10, length: 20, buffer: [136, 140, 78, 6, 55, 46, 69, 21, 135, 100, 164, 161, 29, 28, 229, 0, 248, 32, 82, 122, 0, 0, 0, 0, 0, 0, 0, 0, 0, 0, 0, 0, 0, 0, 0, 0, 0, 0, 0, 0, 0, 0, 0, 0, 0, 0, 0, 0, 0, 0, 0, 0, 0, 0] }) }] }, height: 1872380650, next_validator_set_id: 13568581032324865510, bottom_up_messages: Cid(bag5rrehdbi3okdcls4odwuxmhhvayeqmynwgefbupznu6nbieggvjo73iks46yboagx7pt6yvqd7qvw4z3bsoxfcixthn3iwvy) }, certificate: MultiSig { signatures: [ValidatorSignature { validator: Address { payload: ID(1501013850784830034) }, signature: Signature { sig_type: Secp256k1, bytes: [] } }, ValidatorSignature { validator: Address { payload: ID(7032297684660300248) }, signature: Signature { sig_type: BLS, bytes: [] } }, ValidatorSignature { validator: Address { payload: ID(5070099664076127598) }, signature: Signature { sig_type: BLS, bytes: [1, 1, 255, 168, 246] } }, ValidatorSignature { validator: Address { payload: Actor([10, 1, 206, 129, 59, 206, 25, 1, 57, 174, 247, 132, 115, 109, 40, 0, 227, 139, 61, 156]) }, signature: Signature { sig_type: BLS, bytes: [119] } }, ValidatorSignature { validator: Address { payload: Secp256k1([161, 201, 191, 141, 140, 183, 86, 141, 197, 245, 12, 255, 77, 154, 79, 172, 216, 85, 208, 222]) }, signature: Signature { sig_type: BLS, bytes: [1, 114] } }] } }))