Ipc(TopDownExec(ParentFinality { height: 0, block_hash: [] }))