Ipc(BottomUpResolve(SignedRelayedMessage { message: RelayedMessage { message: CertifiedMessage { message: BottomUpCheckpoint { subnet_id: SubnetID { root: 8967193508766576248, children: [Address { payload: ID(11492764036801212917) }, Address { payload: Delegated(DelegatedAddress { namespace: 10, length: 20, buffer: [118, 27, 158, 35, 98, 43, 150, 106, 248, 239, 45, 45, 87, 220, 183, 133, 110, 94, 84, 80, 0, 0, 0, 0, 0, 0, 0, 0, 0, 0, 0, 0, 0, 0, 0, 0, 0, 0, 0, 0, 0, 0, 0, 0, 0, 0, 0, 0, 0, 0, 0, 0, 0, 0] }) }, Address { payload: ID(5883686119324085384) }] }, height: 3823762528, next_validator_set_id: 1295944292151380816, bottom_up_messages: Cid(QmT6HwwYSVw1NxZHDFRBVpgXHoP1BZsp8egrUGJLKvBKBz) }, certificate: MultiSig { signatures: [ValidatorSignature { validator: Address { payload: Actor([36, 192, 110, 121, 146, 156, 170, 221, 47, 31, 150, 255, 85, 247, 1, 161, 70, 5, 133, 150]) }, signature: Signature { sig_type: BLS, bytes: [31] } }, ValidatorSignature { validator: Address { payload: Actor([0, 92, 46, 135, 176, 231, 97, 146, 122, 42, 177, 15, 0, 1, 220, 199, 130, 255, 95, 255]) }, signature: Signature { sig_type: Secp256k1, bytes: [99, 176, 248, 0, 72] } }, ValidatorSignature { validator: Address { payload: Actor([222, 45, 128, 46, 191, 204, 29, 119, 1, 197, 220, 220, 0, 1, 141, 20, 15, 147, 96, 104]) }, signature: Signature { sig_type: Secp256k1, bytes: [217, 111, 140, 1, 185] } }] } }, relayer: Address { payload: BLS([67, 15, 204, 91, 124, 118, 187, 69, 93, 154, 0, 11, 172, 205, 99, 246, 244, 255, 153, 228, 1, 248, 98, 0, 33, 31, 70, 120, 61, 0, 28, 247, 127, 254, 141, 44, 95, 227, 255, 66, 9, 26, 113, 175, 26, 161, 90, 210]) }, sequence: 15491036021568872894, gas_limit: 6625183060600852655, gas_fee_cap: TokenAmount(41855804968213567224547853478906320725054875457247406540771499545716837934567817284890561672488119458109166910841919797858872862722356017328064756151166307827869405370407152286801072676024887272960758522802096518222997167129660169469158860048690764605453004790204472697535710106459.730900083939639747), gas_premium: TokenAmount(7727066607978473919987999013363901971034861126626277477615296751585842935993863628627762990636417.915060831698054559) }, signature: Signature { sig_type: Secp256k1, bytes: [0, 95, 224, 71, 255, 59, 59, 77] } }))