Signed(SignedMessage { message: Message { version: 18446744073709551615, from: Address { payload: Secp256k1([201, 141, 47, 28, 117, 206, 181, 145, 42, 255, 127, 0, 181, 166, 0, 50, 129, 58, 117, 172]) }, to: Address { payload: Actor([255, 108, 93, 236, 196, 63, 6, 87, 214, 83, 223, 200, 136, 219, 4, 249, 106, 12, 57, 167]) }, sequence: 1245883350889098754, value: TokenAmount(9932229375525565691377146959193765155762615947792137979058505954726871205960593142920721455420987050970777344255324126610211082198096402.32226385693414184), method_num: 15898262879587314936, params: RawBytes { 8701 }, gas_limit: 16677903792184775210, gas_fee_cap: TokenAmount(5892661686900812402916430579778595043239110941386249057983897934879165380375437615565885206289661643046275694223485224682524740007133170.002394836476764414), gas_premium: TokenAmount(300521691098253062104.478788388166437027) }, signature: Signature { sig_type: Secp256k1, bytes: [4] } })