Genesis { chain_name: "\ny\"\u{1e}\u{98}", timestamp: Timestamp(7528268921697594651), network_version: NetworkVersion(18), base_fee: TokenAmount(404085791478064075612350550627229917971502235639588186895221069875470791000107619899979841860692547291736363937074766.27237249420361952), power_scale: -1, validators: [Validator { public_key: ValidatorKey(PublicKey(Affine { x: Field { n: [7038423, 33175457, 63726540, 20262960, 56974376, 12267693, 33420882, 55127546, 23597097, 267657], magnitude: 1, normalized: true }, y: Field { n: [55606445, 35744298, 6392346, 15627799, 32855368, 14194148, 22712191, 1977826, 48968514, 388101], magnitude: 1, normalized: true }, infinity: false })), power: Collateral(TokenAmount(41855804968213567224547853478906320725054875457247406540771499545716837934567817284890561672488119458109166910841919797858872862722356017328064756151166307827869404996702850374196420264581789335582685549236613006982592458961202799723618730107975027477739701400394230476403149311371.86589815514973175)) }, Validator { public_key: ValidatorKey(PublicKey(Affine { x: Field { n: [2051354, 32242183, 35611541, 11381302, 58152917, 48170170, 46803118, 35276853, 39869885, 3945395], magnitude: 1, normalized: true }, y: Field { n: [20492304, 5274332, 25558935, 52459218, 57437351, 29612003, 40248422, 33288537, 37475526, 3321803], magnitude: 1, normalized: true }, infinity: false })), power: Collateral(TokenAmount(1634930143222575880215656236785299516649517668870064358808911818357728064330499.773955233486389946)) }, Validator { public_key: ValidatorKey(PublicKey(Affine { x: Field { n: [56372573, 26201228, 1850667, 43493600, 19228790, 4174026, 61415932, 28272626, 53655391, 803211], magnitude: 1, normalized: true }, y: Field { n: [19847293, 60661068, 15211073, 45819783, 53766911, 64177210, 15062687, 26632613, 44289140, 1315158], magnitude: 1, normalized: true }, infinity: false })), power: Collateral(TokenAmount(14.753009810389051434)) }], accounts: [Actor { meta: Multisig(Multisig { signers: [SignerAddr(Address { payload: Secp256k1([224, 225, 75, 78, 19, 158, 10, 118, 125, 206, 12, 96, 228, 1, 155, 74, 71, 50, 74, 239]) }), SignerAddr(Address { payload: Secp256k1([132, 129, 172, 233, 101, 110, 183, 211, 24, 105, 221, 113, 9, 92, 101, 75, 105, 201, 79, 247]) }), SignerAddr(Address { payload: Secp256k1([37, 202, 100, 203, 83, 137, 136, 247, 126, 20, 178, 189, 164, 126, 141, 246, 24, 88, 134, 174]) }), SignerAddr(Address { payload: Secp256k1([133, 94, 111, 61, 254, 214, 155, 233, 180, 158, 105, 147, 108, 108, 14, 2, 208, 64, 218, 56]) })], threshold: 3, vesting_duration: 15384399780665580938, vesting_start: 7170879986583520736 }), balance: TokenAmount(41855804968213567224547853478906320725054875457247406540771499545716837934567817284890561672488119458109166910841919797858872862722356017328064756151166307827869404796921457700526002022575398278241103114408716982618654309458843689453370410290841643851192290937210758082072279675399.316805316080322478) }, Actor { meta: Multisig(Multisig { signers: [SignerAddr(Address { payload: Secp256k1([208, 16, 158, 93, 199, 51, 40, 140, 194, 148, 182, 55, 210, 122, 82, 8, 126, 207, 55, 120]) }), SignerAddr(Address { payload: Secp256k1([114, 150, 82, 227, 215, 94, 50, 186, 94, 251, 229, 0, 101, 131, 214, 45, 156, 123, 148, 208]) }), SignerAddr(Address { payload: Secp256k1([249, 55, 87, 95, 68, 140, 57, 54, 116, 211, 63, 61, 60, 231, 226, 246, 32, 54, 245, 146]) })], threshold: 3, vesting_duration: 18382101496059899550, vesting_start: 17786643060179348429 }), balance: TokenAmount(4.152076109489592515) }, Actor { meta: Multisig(Multisig { signers: [SignerAddr(Address { payload: Secp256k1([160, 217, 120, 147, 185, 55, 165, 63, 43, 93, 72, 40, 152, 72, 17, 223, 23, 98, 8, 211]) }), SignerAddr(Address { payload: Secp256k1([69, 205, 251, 233, 111, 71, 131, 43, 34, 19, 253, 187, 99, 185, 239, 94, 113, 78, 237, 48]) })], threshold: 2, vesting_duration: 4417493427840275908, vesting_start: 5573166322371909885 }), balance: TokenAmount(1482594769087787538259058338058833210003485442342833312177806201460352218333294.718485419662808761) }, Actor { meta: Account(Account { owner: SignerAddr(Address { payload: Delegated(DelegatedAddress { namespace: 10, length: 20, buffer: [242, 128, 24, 141, 156, 141, 3, 48, 47, 71, 55, 172, 60, 172, 2, 168, 130, 33, 79, 15, 0, 0, 0, 0, 0, 0, 0, 0, 0, 0, 0, 0, 0, 0, 0, 0, 0, 0, 0, 0, 0, 0, 0, 0, 0, 0, 0, 0, 0, 0, 0, 0, 0, 0] }) }) }), balance: TokenAmount(41855804968213567224547853478906320725054875457247406540771499545716837934567817284890561672488119458109166910841919797858872862722356017328064756151166307827869405370407152286801072676024887272960758524035337792904616958018274348692472631855188162337586881709126052203718248780995.068795070102469847) }, Actor { meta: Multisig(Multisig { signers: [SignerAddr(Address { payload: Secp256k1([138, 95, 104, 228, 236, 24, 55, 139, 182, 185, 106, 181, 45, 248, 215, 66, 40, 213, 94, 40]) }), SignerAddr(Address { payload: Secp256k1([19, 23, 129, 52, 81, 253, 69, 203, 79, 231, 166, 157, 91, 131, 105, 158, 162, 106, 151, 121]) }), SignerAddr(Address { payload: Secp256k1([233, 40, 231, 2, 53, 208, 130, 104, 147, 8, 150, 125, 183, 128, 12, 51, 71, 67, 30, 203]) }), SignerAddr(Address { payload: Secp256k1([78, 94, 236, 234, 245, 124, 136, 184, 166, 15, 235, 218, 3, 76, 162, 85, 160, 92, 103, 104]) }), SignerAddr(Address { payload: Secp256k1([101, 166, 2, 177, 245, 34, 174, 3, 220, 153, 147, 38, 154, 237, 153, 138, 183, 99, 124, 245]) })], threshold: 4, vesting_duration: 12436197682290683400, vesting_start: 8376657542642726732 }), balance: TokenAmount(204887108360713993144040962901645570608037147866144029147266169260301379102028651558634866899765700112488657573983424333838781234893538227978569536736585517.596692440458456594) }, Actor { meta: Account(Account { owner: SignerAddr(Address { payload: Delegated(DelegatedAddress { namespace: 10, length: 20, buffer: [140, 43, 149, 131, 235, 6, 166, 95, 166, 129, 72, 188, 218, 231, 103, 243, 180, 160, 32, 221, 0, 0, 0, 0, 0, 0, 0, 0, 0, 0, 0, 0, 0, 0, 0, 0, 0, 0, 0, 0, 0, 0, 0, 0, 0, 0, 0, 0, 0, 0, 0, 0, 0, 0] }) }) }), balance: TokenAmount(880076995863090650670192984633534539969345480331507743992390080048269893410998.200031378128999777) }], ipc: None }