ActorState(Address { payload: Secp256k1([0, 196, 77, 53, 68, 215, 254, 248, 107, 250, 78, 198, 144, 150, 5, 1, 0, 183, 15, 17]) })