Ipld(Cid(QmQkWVLf1rDgKJKd3G3G4v5V92q8JhoSTDQR2QDDgXUaKU))