Manifest { accounts: {'7tQxM': Account, '_BveKc_O': Account, 'maOV_H': Account, 'ogrE': Account}, rootnet: External { deployment: New { deployer: 'maOV_H' }, urls: [Url { inner: Url { scheme: "https", cannot_be_a_base: false, username: "", password: None, host: Some(Domain("td_bn6ha.api.calibration.node.glif.io")), port: None, path: "/rpc/v1", query: None, fragment: None }, scheme: Https, host: "td_bn6ha.api.calibration.node.glif.io", port: 443 }] }, subnets: {'Dj72': Subnet { creator: 'ogrE', validators: {'7tQxM': Collateral(TokenAmount(6.191444572336960256)), '_BveKc_O': Collateral(TokenAmount(0.000000000000000001)), 'ogrE': Collateral(TokenAmount(7.588374658330027519))}, balances: {'7tQxM': Balance(TokenAmount(5.221160371199856067)), 'ogrE': Balance(TokenAmount(8.976986692201503093))}, nodes: {'3eGbMB': Node { mode: Validator { validator: 'ogrE' }, ethapi: true, seed_nodes: ['StU'], parent_node: Some(External(Url { inner: Url { scheme: "https", cannot_be_a_base: false, username: "", password: None, host: Some(Domain("td_bn6ha.api.calibration.node.glif.io")), port: None, path: "/rpc/v1", query: None, fragment: None }, scheme: Https, host: "td_bn6ha.api.calibration.node.glif.io", port: 443 })) }, 'StU': Node { mode: Validator { validator: '_BveKc_O' }, ethapi: false, seed_nodes: ['eOpV_M7'], parent_node: Some(External(Url { inner: Url { scheme: "https", cannot_be_a_base: false, username: "", password: None, host: Some(Domain("td_bn6ha.api.calibration.node.glif.io")), port: None, path: "/rpc/v1", query: None, fragment: None }, scheme: Https, host: "td_bn6ha.api.calibration.node.glif.io", port: 443 })) }, 'eOpV_M7': Node { mode: Validator { validator: '7tQxM' }, ethapi: false, seed_nodes: [], parent_node: Some(External(Url { inner: Url { scheme: "https", cannot_be_a_base: false, username: "", password: None, host: Some(Domain("td_bn6ha.api.calibration.node.glif.io")), port: None, path: "/rpc/v1", query: None, fragment: None }, scheme: Https, host: "td_bn6ha.api.calibration.node.glif.io", port: 443 })) }}, relayers: {'p0_Z': Relayer { submitter: '_BveKc_O', follow_node: 'eOpV_M7', submit_node: External(Url { inner: Url { scheme: "https", cannot_be_a_base: false, username: "", password: None, host: Some(Domain("td_bn6ha.api.calibration.node.glif.io")), port: None, path: "/rpc/v1", query: None, fragment: None }, scheme: Https, host: "td_bn6ha.api.calibration.node.glif.io", port: 443 }) }}, subnets: {} }} }