Ipld(Cid(QmcBeJYXLGf54hskJi9XEjLF62XkfFd86awqbmNSoTtVMR))