FvmStateParams { state_root: Cid(QmVLwQaBJX5tFEHFRdARUzG9C2sWcgU9dX89RWhkUcBBiR), timestamp: Timestamp(10127864295203469251), network_version: NetworkVersion(21), base_fee: TokenAmount(246891759187193752694.645052852586323069), circ_supply: TokenAmount(63967856294120759015.198774973260157178), chain_id: 836777164663682, power_scale: 0, app_version: 2, credit_debit_interval: 5682393454670388957, blob_storage_capacity: 8290862196636839677, blob_debit_rate: 11847437791841898046 }