Ipc(BottomUpResolve(SignedRelayedMessage { message: RelayedMessage { message: CertifiedMessage { message: BottomUpCheckpoint { subnet_id: SubnetID { root: 0, children: [Address("f410fj2l76kfc6alyjb37k4fbo4lfu4arpdiaieivlni"), Address("f00"), Address("f012702663363427057495")] }, height: 3212296455, next_validator_set_id: 8044964610287984515, bottom_up_messages: Cid(QmVcH4pmof5KUXj4bHqhY6RqVzp4uPVFCwiPggGnc34rgu) }, certificate: MultiSig { signatures: [ValidatorSignature { validator: Address("f414241827420121318507fx5ptqhsraq4757yb7j33lfi"), signature: Signature { sig_type: BLS, bytes: [110] } }] } }, relayer: Address("f22okqj55ufeumyxugaghvfxmujeaqcr3ycpu7tnq"), sequence: 16146861939630510588, gas_limit: 5085131330352947479, gas_fee_cap: TokenAmount(0.0), gas_premium: TokenAmount(0.0) }, signature: Signature { sig_type: BLS, bytes: [145, 151, 189, 71, 207, 170, 255, 223, 79] } }))