Ipc(BottomUpExec(CertifiedMessage { message: BottomUpCheckpoint { subnet_id: SubnetID { root: 10176014783480163826, children: [Address("f03761921484203443739")] }, height: 2994671568, next_validator_set_id: 292187653764137486, bottom_up_messages: Cid(QmdqFLFAeN7YdJaJVh31yzsTQFZ9Y8TJVk5u71Zb8CwNka) }, certificate: MultiSig { signatures: [ValidatorSignature { validator: Address("f48879384644951695219fe6pjn4zm74sq7zbk5qwqc6pukhckjw4wn4rjp2dzmzogxcio4aap7ijvy3uecfemxa7c4sx5"), signature: Signature { sig_type: Secp256k1, bytes: [243, 9, 17, 22, 30, 63, 89, 1] } }, ValidatorSignature { validator: Address("f411698658068852966484fabeeg6zp22k2a2ikzjzcfq27hlrs7e43xnb5x3w52gfvdt4x4qarezhjyelbrt4yy53wyg664lpa"), signature: Signature { sig_type: BLS, bytes: [107, 172, 4, 42, 153, 53, 159] } }, ValidatorSignature { validator: Address("f3w5nfra73zml7lppe7cuxyaggca7m63ellwb2cqinkx5bj2goum5god63v2s76f7hikb3dtwiqqcimtn3eu4a"), signature: Signature { sig_type: Secp256k1, bytes: [1, 193, 239, 1, 47, 149] } }, ValidatorSignature { validator: Address("f015901342328830229482"), signature: Signature { sig_type: BLS, bytes: [9, 120, 60] } }, ValidatorSignature { validator: Address("f3osmlynlwhsw6gv2md2ghczctgz7piv33lkfat72y76fmwkl3eflm7577yirgoiggcxxnon6esmgdktctxfba"), signature: Signature { sig_type: BLS, bytes: [129, 179, 150] } }] } }))