Signed(SignedMessage { origin_kind: Fvm, message: Message { version: 5441811765897571061, from: Address("f49503732383930537508f74fopz6adzlswuucm5pqb3ygptqkjdbw7qzgrjflwaafedds5qdwwtofmaauujdjxut5u532vdejzs63"), to: Address("f2atmf3ekwqug4ntslrjvqcajxl5yavatyuuaj5ba"), sequence: 6252638316156103198, value: TokenAmount(197967704622183385628.38811607395306313), method_num: 12174207298954959287, params: RawBytes { a923e1b3dc1a }, gas_limit: 7973910004934098928, gas_fee_cap: TokenAmount(69709646517097803841.751553548689141037), gas_premium: TokenAmount(49072214305296835349.416608417645220674) }, signature: Signature { sig_type: BLS, bytes: [216, 54, 1] } })