{
  "chain_name": "⁒碡2=",
  "chain_id": null,
  "timestamp": 15070499951099019132,
  "network_version": 21,
  "base_fee": "45327517016852997829006956550248900065",
  "power_scale": -1,
  "validators": [
    {
      "public_key": "BAsm4p6meLDry06Q0JpGHfodotF+H6XTU4AAOkjdjLEp90LuqvLu1OYY6uHPMSIqCTkXj7flq+CgOXpJbn3UHUc=",
      "power": "119932301033360917036139185837392841648"
    },
    {
      "public_key": "BApT7qlaEBNj3W0IqhBxx7RqALrCC6VpHYMkKiytqcycPOhr2le2i23vBLrJ0FpwEAurqu8WuRLkViu0yZ7ER7c=",
      "power": "72593553696002689676640677648187486284"
    },
    {
      "public_key": "BD7/rKPqFZrEGozKHx0zBmaAUwD5ZyL2BVyj9p3zu3TrMHNAD2uARqbt3Z5CU4ahimeRpOL0LKlYOk51tGWseZM=",
      "power": "0"
    },
    {
      "public_key": "BBe7myFBVMyv5gh9okRHl7LHoh6q/yrVf2zZIKEt9tfLWx/RVSuHsGuadbJ2BAnozywsaxIPb+PgXb+XFnNrD7E=",
      "power": "291298186293627038193169772522045288181"
    },
    {
      "public_key": "BDeXXVFyD5maX90GhWPtaIfcJP3oky+VIkh4E8M9uesXU7vBRZCxMOXtN7QNaK816HrvV+Au9fAz3h6iR7lAnDE=",
      "power": "312990816317530192653619759474913414195"
    },
    {
      "public_key": "BFzTVpAej7dT+d5rGJxl7tqY/v/MpLtoHny7Nnb0TxBo/JqhyDZFSe2cn2Wh8m7KjSuBgberyqNj+/W9YPiL/iU=",
      "power": "216200538251617499823984352458920501334"
    },
    {
      "public_key": "BPfXBzOHxpN7shnzpNSudAVgCfNwQqJFIDIBWWgqXD91uCWc255dcUGm2FsKrBGvfgwkTJItzn1albT3KYNIvuI=",
      "power": "61780370563742407388258385981369913062"
    },
    {
      "public_key": "BDY4/7Ktq8CTHrNfLKApg2HWBn7qvVTiJVBw135UJXmMfX4j6jViO3fnvuBfa+cO9Zu9T4MuSgJ5hVGBGWlIyiw=",
      "power": "152127681444453192943339393462254471700"
    }
  ],
  "accounts": [
    {
      "meta": {
        "Multisig": {
          "signers": [
            "f1eq6utq3fp6epznsvu7c2mif2a5jifyy6whazzfa",
            "f1xabgogtsmbw56nzhnb5r5iym5vlc3tzmofp47vi",
            "f1uihr3xrga4i7ykikfcnzr3s7mdty7kf3e4u5k4q"
          ],
          "threshold": 2,
          "vesting_duration": 3495632352518707446,
          "vesting_start": 10372155242618305478
        }
      },
      "balance": "201356947978363187783371861624989162142"
    },
    {
      "meta": {
        "Account": {
          "owner": "f1zql734kpcygvjte47p5g4csrwtcs6aw6r37zwfq"
        }
      },
      "balance": "76119326758870701061379835780588612371"
    },
    {
      "meta": {
        "Account": {
          "owner": "f410fqseygnxs5zjpl2mpzu7b6dyiwruflrxzmgpo6ta"
        }
      },
      "balance": "67576603576789648632088173503575234123"
    }
  ],
  "eam_permission_mode": {
    "mode": "unrestricted"
  },
  "ipc": {
    "gateway": {
      "subnet_id": "/r3980185958940539696/f099052610984297310/f410fiuaw7d6a7uauybcwnpl6n42yod75vdhtvohmwky/f410fyvhxoaabzdhxylgve5a3o2paab5t4crb5oxgw6a",
      "bottom_up_check_period": 6342568685766025214,
      "majority_percentage": 97,
      "active_validators_limit": 36
    }
  }
}