SnapshotManifest { block_height: 2942562597, size: 1, chunks: 2647445613, checksum: Hash::Sha256(E7EDFFEE1E0611005F012900FF223C851D190097B078438B9F009775765C2776), state_params: FvmStateParams { state_root: Cid(bafkgujauyyb5qael63fipfi6ju56jy4z32pxeaofsufwjogrlsl6zykbtwjht6ha), timestamp: Timestamp(2063791812149323950), network_version: NetworkVersion(4294967295), base_fee: TokenAmount(136869554829071433973.80013913682996393), circ_supply: TokenAmount(187462928338432242809.513020207012729722), chain_id: 2736215960161182, power_scale: 0, app_version: 0 }, version: 4042159694 }