Message { version: 18446744073709551615, from: Address("f41740349798009972871fkju763omuifianjp4mamvgu6kk4pgkglvssfedaawe64xhyvfvrqcdbpokbxd3vpemrnv76wc7ci45ryegvok5dgtm"), to: Address("f1ck4abspza4rfyyppfuytyk5574almgjslplu5nq"), sequence: 5561116542111556068, value: TokenAmount(181505901062536153179.501341921783035503), method_num: 13002240330916683158, params: RawBytes { 3e0020e5acd260 }, gas_limit: 6278786086363629823, gas_fee_cap: TokenAmount(110758872740293559758.562019329077276457), gas_premium: TokenAmount(235524013290195911357.882719907934366051) }