accounts:
  2Ak5RIDi: {}
  2lev1nx: {}
  BxF: {}
rootnet:
  type: New
  validators:
    2lev1nx: '1311343059170131720'
    BxF: '5989245444587736169'
  balances:
    2Ak5RIDi: '100000000000000000000'
    2lev1nx: '100000000000000000000'
    BxF: '100000000000000000000'
  nodes:
    HsPA:
      mode:
        type: Validator
        validator: BxF
      ethapi: true
      seed_nodes:
      - PSW1
      parent_node: null
    PSW1:
      mode:
        type: Validator
        validator: 2lev1nx
      ethapi: false
      seed_nodes: []
      parent_node: null
subnets:
  _LdLB:
    creator: 2lev1nx
    validators:
      2Ak5RIDi: '7981310479508636141'
    balances:
      2Ak5RIDi: '7153043716686363498'
    nodes:
      oeOB8:
        mode:
          type: Validator
          validator: 2Ak5RIDi
        ethapi: false
        seed_nodes: []
        parent_node: PSW1
    relayers:
      vAzA:
        submitter: 2Ak5RIDi
        follow_node: oeOB8
        submit_node: PSW1
    subnets:
      aPOAxmh:
        creator: 2Ak5RIDi
        validators:
          2Ak5RIDi: '3569488325570546967'
        balances:
          2Ak5RIDi: '1'
        nodes:
          2OTVaiDn:
            mode:
              type: Validator
              validator: 2Ak5RIDi
            ethapi: false
            seed_nodes: []
            parent_node: oeOB8
        relayers:
          OzO:
            submitter: 2Ak5RIDi
            follow_node: 2OTVaiDn
            submit_node: oeOB8
          yAzPW4E:
            submitter: 2Ak5RIDi
            follow_node: 2OTVaiDn
            submit_node: oeOB8
        subnets: {}
      wA_sTO:
        creator: 2Ak5RIDi
        validators:
          2Ak5RIDi: '5425090782793795444'
          2lev1nx: '7294094662943369157'
        balances:
          2Ak5RIDi: '2319626882661946130'
          BxF: '4331796456198798470'
        nodes:
          -TcBwENk:
            mode:
              type: Validator
              validator: 2Ak5RIDi
            ethapi: true
            seed_nodes: []
            parent_node: oeOB8
          mAGp:
            mode:
              type: Validator
              validator: 2lev1nx
            ethapi: true
            seed_nodes:
            - -TcBwENk
            parent_node: oeOB8
        relayers:
          MzY:
            submitter: 2Ak5RIDi
            follow_node: -TcBwENk
            submit_node: oeOB8
        subnets: {}
  wABdB:
    creator: 2lev1nx
    validators:
      2Ak5RIDi: '1860320313236845636'
    balances:
      2lev1nx: '5071526246180730733'
    nodes:
      EK2_S09e:
        mode:
          type: Validator
          validator: 2Ak5RIDi
        ethapi: true
        seed_nodes: []
        parent_node: HsPA
    relayers:
      X35qcc:
        submitter: 2Ak5RIDi
        follow_node: EK2_S09e
        submit_node: PSW1
      iUZnP:
        submitter: BxF
        follow_node: EK2_S09e
        submit_node: HsPA
    subnets:
      H_3gy:
        creator: 2lev1nx
        validators:
          2lev1nx: '6235377311449574725'
          BxF: '6411644753916219113'
        balances:
          2lev1nx: '7868447936831718130'
        nodes:
          adyP:
            mode:
              type: Validator
              validator: 2lev1nx
            ethapi: false
            seed_nodes: []
            parent_node: EK2_S09e
          xqZ8Qj:
            mode:
              type: Validator
              validator: BxF
            ethapi: true
            seed_nodes:
            - adyP
            parent_node: EK2_S09e
        relayers:
          9BrZf:
            submitter: 2lev1nx
            follow_node: adyP
            submit_node: EK2_S09e
          i3_C:
            submitter: 2lev1nx
            follow_node: adyP
            submit_node: EK2_S09e
        subnets: {}
      aV6:
        creator: 2lev1nx
        validators:
          2lev1nx: '807708124336674951'
          BxF: '8306922559634087661'
        balances:
          BxF: '5616869653981856804'
        nodes:
          cvY0:
            mode:
              type: Validator
              validator: BxF
            ethapi: true
            seed_nodes:
            - dSASzQA_
            parent_node: EK2_S09e
          dSASzQA_:
            mode:
              type: Validator
              validator: 2lev1nx
            ethapi: true
            seed_nodes: []
            parent_node: EK2_S09e
        relayers:
          BS6BTW:
            submitter: 2lev1nx
            follow_node: cvY0
            submit_node: EK2_S09e
        subnets: {}
