Manifest { accounts: {'2Ak5RIDi': Account, '2lev1nx': Account, 'BxF': Account}, rootnet: New { validators: {'2lev1nx': Collateral(TokenAmount(1.31134305917013172)), 'BxF': Collateral(TokenAmount(5.989245444587736169))}, balances: {'2Ak5RIDi': Balance(TokenAmount(100.0)), '2lev1nx': Balance(TokenAmount(100.0)), 'BxF': Balance(TokenAmount(100.0))}, nodes: {'HsPA': Node { mode: Validator { validator: 'BxF' }, ethapi: true, seed_nodes: ['PSW1'], parent_node: None }, 'PSW1': Node { mode: Validator { validator: '2lev1nx' }, ethapi: false, seed_nodes: [], parent_node: None }} }, subnets: {'_LdLB': Subnet { creator: '2lev1nx', validators: {'2Ak5RIDi': Collateral(TokenAmount(7.981310479508636141))}, balances: {'2Ak5RIDi': Balance(TokenAmount(7.153043716686363498))}, nodes: {'oeOB8': Node { mode: Validator { validator: '2Ak5RIDi' }, ethapi: false, seed_nodes: [], parent_node: Some(Internal('PSW1')) }}, relayers: {'vAzA': Relayer { submitter: '2Ak5RIDi', follow_node: 'oeOB8', submit_node: Internal('PSW1') }}, subnets: {'aPOAxmh': Subnet { creator: '2Ak5RIDi', validators: {'2Ak5RIDi': Collateral(TokenAmount(3.569488325570546967))}, balances: {'2Ak5RIDi': Balance(TokenAmount(0.000000000000000001))}, nodes: {'2OTVaiDn': Node { mode: Validator { validator: '2Ak5RIDi' }, ethapi: false, seed_nodes: [], parent_node: Some(Internal('oeOB8')) }}, relayers: {'OzO': Relayer { submitter: '2Ak5RIDi', follow_node: '2OTVaiDn', submit_node: Internal('oeOB8') }, 'yAzPW4E': Relayer { submitter: '2Ak5RIDi', follow_node: '2OTVaiDn', submit_node: Internal('oeOB8') }}, subnets: {} }, 'wA_sTO': Subnet { creator: '2Ak5RIDi', validators: {'2Ak5RIDi': Collateral(TokenAmount(5.425090782793795444)), '2lev1nx': Collateral(TokenAmount(7.294094662943369157))}, balances: {'2Ak5RIDi': Balance(TokenAmount(2.31962688266194613)), 'BxF': Balance(TokenAmount(4.33179645619879847))}, nodes: {'-TcBwENk': Node { mode: Validator { validator: '2Ak5RIDi' }, ethapi: true, seed_nodes: [], parent_node: Some(Internal('oeOB8')) }, 'mAGp': Node { mode: Validator { validator: '2lev1nx' }, ethapi: true, seed_nodes: ['-TcBwENk'], parent_node: Some(Internal('oeOB8')) }}, relayers: {'MzY': Relayer { submitter: '2Ak5RIDi', follow_node: '-TcBwENk', submit_node: Internal('oeOB8') }}, subnets: {} }} }, 'wABdB': Subnet { creator: '2lev1nx', validators: {'2Ak5RIDi': Collateral(TokenAmount(1.860320313236845636))}, balances: {'2lev1nx': Balance(TokenAmount(5.071526246180730733))}, nodes: {'EK2_S09e': Node { mode: Validator { validator: '2Ak5RIDi' }, ethapi: true, seed_nodes: [], parent_node: Some(Internal('HsPA')) }}, relayers: {'X35qcc': Relayer { submitter: '2Ak5RIDi', follow_node: 'EK2_S09e', submit_node: Internal('PSW1') }, 'iUZnP': Relayer { submitter: 'BxF', follow_node: 'EK2_S09e', submit_node: Internal('HsPA') }}, subnets: {'H_3gy': Subnet { creator: '2lev1nx', validators: {'2lev1nx': Collateral(TokenAmount(6.235377311449574725)), 'BxF': Collateral(TokenAmount(6.411644753916219113))}, balances: {'2lev1nx': Balance(TokenAmount(7.86844793683171813))}, nodes: {'adyP': Node { mode: Validator { validator: '2lev1nx' }, ethapi: false, seed_nodes: [], parent_node: Some(Internal('EK2_S09e')) }, 'xqZ8Qj': Node { mode: Validator { validator: 'BxF' }, ethapi: true, seed_nodes: ['adyP'], parent_node: Some(Internal('EK2_S09e')) }}, relayers: {'9BrZf': Relayer { submitter: '2lev1nx', follow_node: 'adyP', submit_node: Internal('EK2_S09e') }, 'i3_C': Relayer { submitter: '2lev1nx', follow_node: 'adyP', submit_node: Internal('EK2_S09e') }}, subnets: {} }, 'aV6': Subnet { creator: '2lev1nx', validators: {'2lev1nx': Collateral(TokenAmount(0.807708124336674951)), 'BxF': Collateral(TokenAmount(8.306922559634087661))}, balances: {'BxF': Balance(TokenAmount(5.616869653981856804))}, nodes: {'cvY0': Node { mode: Validator { validator: 'BxF' }, ethapi: true, seed_nodes: ['dSASzQA_'], parent_node: Some(Internal('EK2_S09e')) }, 'dSASzQA_': Node { mode: Validator { validator: '2lev1nx' }, ethapi: true, seed_nodes: [], parent_node: Some(Internal('EK2_S09e')) }}, relayers: {'BS6BTW': Relayer { submitter: '2lev1nx', follow_node: 'cvY0', submit_node: Internal('EK2_S09e') }}, subnets: {} }} }} }