SnapshotManifest { block_height: 2581983655, size: 11101044969413571205, chunks: 4145109479, checksum: Hash::Sha256(E2C0F6DA6FFCF35A343EF0EE9DE4465467ACD504C8F2712C6AB20445C83A192A), state_params: FvmStateParams { state_root: Cid(QmRAmJvPSFPjeHkVJyPktbmM2SRHURjbM7xs7JRD1zCjWJ), timestamp: Timestamp(16085058499726612808), network_version: NetworkVersion(4294967295), base_fee: TokenAmount(125886385631315495367.993087794916087679), circ_supply: TokenAmount(340282366920938463458.021429707776900817), chain_id: 2984181602989671, power_scale: -1 }, version: 868858578 }