ActorState(Address("f418446744073709551615fc7aniaeuez775jy"))