Genesis { chain_name: "", timestamp: Timestamp(13238881560438803750), network_version: NetworkVersion(18), base_fee: TokenAmount(41855804968213567224547853478906320725054875457247406540771499545716837934567817284890561672488119458109166910841919797858872862722356017328064756151166307827869404826996123942996680521032405130894660606662866425527020487412694275558041583972113209956456927736010875789202881814822.188575537313649556), power_scale: 3, validators: [Validator { public_key: ValidatorKey(PublicKey(Affine { x: Field { n: [40585309, 3814126, 57292307, 46453645, 22371232, 46457226, 55995292, 31444813, 58746108, 2266383], magnitude: 1, normalized: true }, y: Field { n: [58881556, 31258406, 17935325, 21885258, 25935857, 10811991, 552307, 46771791, 36395493, 4066048], magnitude: 1, normalized: true }, infinity: false })), power: Collateral(TokenAmount(115905345978841588980225147314149826556621442596139603007579857206687410532487259944015461143575433701903051237968272.367388145240506369)) }, Validator { public_key: ValidatorKey(PublicKey(Affine { x: Field { n: [50214676, 54385955, 43010073, 10554035, 55971114, 58447379, 12916997, 32479159, 9018796, 866586], magnitude: 1, normalized: true }, y: Field { n: [33978378, 58362223, 39916686, 3524052, 21052230, 17264615, 56142627, 33654433, 58331346, 2541759], magnitude: 1, normalized: true }, infinity: false })), power: Collateral(TokenAmount(41855804968213567224547853478906320725054875457247406540771499545716837934567817284890561672488119458109166910841919797858872862722356017328064756151166307827869405370407152286801072676024887272960758522478052414553133115502494135655411742889367950963585048499153177857209974810104.011273695665875884)) }, Validator { public_key: ValidatorKey(PublicKey(Affine { x: Field { n: [139295, 29577128, 18300545, 48843846, 14213058, 40074307, 34306562, 40591320, 54915507, 2134092], magnitude: 1, normalized: true }, y: Field { n: [13338958, 46462961, 12408791, 19322411, 66513857, 61571750, 17562371, 35865320, 54892144, 1301498], magnitude: 1, normalized: true }, infinity: false })), power: Collateral(TokenAmount(41855804968213567224547853478906320725054875457247406540771499545716837934567817284890561672488119458109166910841919797858872862722356017328064756151166307827869404762880966971366582949747317347562482300944928163297661574506337462696587718587360421631179433713880846551761356309790.292650627951239449)) }, Validator { public_key: ValidatorKey(PublicKey(Affine { x: Field { n: [15910007, 55958763, 58147509, 41196589, 58489696, 44787519, 39678341, 2141080, 18480076, 2086016], magnitude: 1, normalized: true }, y: Field { n: [42508199, 32366289, 178088, 20642686, 54443386, 66432403, 4579271, 23928110, 32691270, 625123], magnitude: 1, normalized: true }, infinity: false })), power: Collateral(TokenAmount(41855804968213567224547853478906320725054875457247406540771499545716837934567817284890561672488119458109166910841919797858872862722356017328064756151166307827869405370407152286801072676024887272960758524035337792904616958075776435777990406039363527010043736240963055342423554029877.788660629289981142)) }, Validator { public_key: ValidatorKey(PublicKey(Affine { x: Field { n: [35926357, 60336873, 2194154, 7402470, 48060886, 40091895, 1560466, 28404433, 8540577, 2424840], magnitude: 1, normalized: true }, y: Field { n: [59853742, 44487304, 51147990, 54024945, 36854965, 8827581, 63492678, 28810319, 50099650, 2980839], magnitude: 1, normalized: true }, infinity: false })), power: Collateral(TokenAmount(41855804968213567224547853478906320725054875457247406540771499545716837934567817284890561672488119458109166910841919797858872862722356017328064756151166307827869405370407152286801072676024887272960758522827991465549568102520293365829011494007770367260598451834327271514472485444898.093673655225241466)) }, Validator { public_key: ValidatorKey(PublicKey(Affine { x: Field { n: [14893216, 8454118, 64945019, 20309157, 50647875, 39803760, 55432161, 1906908, 21145646, 849888], magnitude: 1, normalized: true }, y: Field { n: [53847697, 8969959, 40213497, 20806170, 17699705, 25585468, 643495, 27019888, 56042857, 2575010], magnitude: 1, normalized: true }, infinity: false })), power: Collateral(TokenAmount(41855804968213567224547853478906320725054875457247406540771499545716837934567817284890561672488119458109166910841919797858872862722356017328064756151166307827869405370407152286801072676024887272960758524035337792904616957950260259655264547820235996513366173928456949670201941552993.858270223651263556)) }, Validator { public_key: ValidatorKey(PublicKey(Affine { x: Field { n: [64991280, 38107273, 47931136, 44106339, 61442355, 47440705, 31770215, 51572022, 48910435, 1840802], magnitude: 1, normalized: true }, y: Field { n: [62325377, 6747433, 21227755, 63302455, 50086656, 21767608, 23775948, 66932640, 22885300, 1210878], magnitude: 1, normalized: true }, infinity: false })), power: Collateral(TokenAmount(2095608841687035459301632016541676534649917040055276535546966886006214145827036.319530804197757709)) }], accounts: [Actor { meta: Account(Account { owner: SignerAddr(Address { payload: Delegated(DelegatedAddress { namespace: 10, length: 20, buffer: [137, 39, 212, 233, 183, 94, 231, 68, 49, 59, 16, 88, 103, 196, 239, 97, 110, 82, 120, 207, 0, 0, 0, 0, 0, 0, 0, 0, 0, 0, 0, 0, 0, 0, 0, 0, 0, 0, 0, 0, 0, 0, 0, 0, 0, 0, 0, 0, 0, 0, 0, 0, 0, 0] }) }) }), balance: TokenAmount(41855804968213567224547853478906320725054875457247406540771499545716837934567817284890561672488119458109166910841919797858872862722356017328064756151166307827869405370407152286801072676024887272960758524035337792904616957959984346540674210620160641860186130561031376451909822311478.51031784684467942) }, Actor { meta: Account(Account { owner: SignerAddr(Address { payload: Secp256k1([85, 235, 203, 247, 31, 24, 7, 117, 151, 139, 43, 69, 26, 7, 153, 74, 66, 237, 13, 134]) }) }), balance: TokenAmount(12068752682217344880722671766340107503739249550210705844171550551337242323526284799940761943090995477947529220758650143244107871320720338.344605255804649472) }, Actor { meta: Account(Account { owner: SignerAddr(Address { payload: Secp256k1([19, 200, 114, 210, 216, 138, 85, 39, 146, 127, 25, 181, 37, 222, 105, 245, 150, 27, 158, 176]) }) }), balance: TokenAmount(41855804968213567224547853478906320725054875457247406540771499545716837934567817284890561672488119458109166910841919797858872862722356017328064756151166307827869405370407152286801072676024887272960758522384159071328135781738404981702344468123526003070553355590735581825669842239531.300417032979535453) }, Actor { meta: Multisig(Multisig { signers: [SignerAddr(Address { payload: Secp256k1([219, 14, 160, 246, 237, 179, 210, 179, 244, 122, 172, 30, 215, 56, 192, 236, 245, 7, 50, 229]) }), SignerAddr(Address { payload: Secp256k1([16, 132, 180, 167, 50, 58, 168, 179, 208, 176, 141, 24, 240, 199, 112, 11, 56, 246, 97, 15]) }), SignerAddr(Address { payload: Secp256k1([125, 123, 251, 167, 134, 29, 152, 23, 104, 68, 97, 43, 239, 85, 190, 53, 121, 236, 221, 99]) })], threshold: 1, vesting_duration: 17585824957123532503, vesting_start: 17072402149624983126 }), balance: TokenAmount(0.0) }, Actor { meta: Account(Account { owner: SignerAddr(Address { payload: Delegated(DelegatedAddress { namespace: 10, length: 20, buffer: [74, 211, 1, 147, 153, 4, 40, 17, 180, 52, 200, 90, 244, 181, 46, 6, 135, 218, 68, 236, 0, 0, 0, 0, 0, 0, 0, 0, 0, 0, 0, 0, 0, 0, 0, 0, 0, 0, 0, 0, 0, 0, 0, 0, 0, 0, 0, 0, 0, 0, 0, 0, 0, 0] }) }) }), balance: TokenAmount(41855804968213567224547853478906320725054875457247406540771499545716837934567817284890561672488119458109166910841919797858872862722356017328064756151166307827869405370407152286801072676024887272960758524035337792904616957967750879861629873436340370888422120258980765650245697869754.214023408635938498) }, Actor { meta: Multisig(Multisig { signers: [SignerAddr(Address { payload: Secp256k1([20, 128, 13, 231, 83, 108, 252, 46, 130, 170, 32, 233, 33, 64, 157, 119, 203, 208, 251, 205]) }), SignerAddr(Address { payload: Secp256k1([47, 194, 189, 255, 19, 187, 92, 43, 71, 117, 255, 42, 83, 208, 227, 103, 7, 150, 144, 211]) }), SignerAddr(Address { payload: Secp256k1([20, 96, 236, 170, 115, 181, 124, 134, 171, 179, 237, 4, 213, 135, 71, 7, 35, 38, 19, 147]) }), SignerAddr(Address { payload: Secp256k1([233, 174, 69, 228, 173, 201, 232, 195, 145, 112, 10, 49, 155, 85, 7, 182, 249, 217, 230, 144]) })], threshold: 1, vesting_duration: 17102566571104181794, vesting_start: 0 }), balance: TokenAmount(219517841402426701068064509197116201799893053391202422345016930037028485502523110328182626063084151690909564295277313.991025903641489249) }, Actor { meta: Account(Account { owner: SignerAddr(Address { payload: Delegated(DelegatedAddress { namespace: 10, length: 20, buffer: [179, 190, 148, 15, 154, 129, 0, 136, 107, 155, 18, 194, 6, 67, 39, 17, 166, 104, 203, 247, 0, 0, 0, 0, 0, 0, 0, 0, 0, 0, 0, 0, 0, 0, 0, 0, 0, 0, 0, 0, 0, 0, 0, 0, 0, 0, 0, 0, 0, 0, 0, 0, 0, 0] }) }) }), balance: TokenAmount(24504241214570137024925845315545583050415672186902331628271827919529368995351336875591376877933523.875463162164835287) }, Actor { meta: Account(Account { owner: SignerAddr(Address { payload: Secp256k1([92, 5, 208, 34, 219, 206, 47, 143, 32, 184, 27, 45, 150, 95, 204, 138, 230, 208, 86, 235]) }) }), balance: TokenAmount(41855804968213567224547853478906320725054875457247406540771499545716837934567817284890561672488119458109166910841919797858872745645489779490809650234062883597999517971618161081243073047294805204605864371183315246318231940454337050599284218596517288593326458012817130715943156143381.908498439530633444) }, Actor { meta: Account(Account { owner: SignerAddr(Address { payload: Secp256k1([121, 42, 181, 92, 162, 16, 136, 148, 115, 30, 219, 155, 235, 11, 35, 127, 199, 98, 235, 46]) }) }), balance: TokenAmount(0.0) }], ipc: None }