Manifest { accounts: {'-ehA': Account, 'eqqqti': Account, 'fHA_ON': Account, 'f_ZX': Account, 'iPd': Account}, rootnet: New { validators: {'fHA_ON': Collateral(TokenAmount(0.000000000000000001)), 'f_ZX': Collateral(TokenAmount(6.046835366980227743)), 'iPd': Collateral(TokenAmount(9.209383518813002826))}, balances: {'-ehA': Balance(TokenAmount(100.0)), 'eqqqti': Balance(TokenAmount(100.0)), 'fHA_ON': Balance(TokenAmount(100.0)), 'f_ZX': Balance(TokenAmount(100.0)), 'iPd': Balance(TokenAmount(100.0))}, nodes: {'2Xzri8W': Node { mode: Validator { validator: 'fHA_ON' }, ethapi: true, seed_nodes: [], parent_node: None }, '9fcF': Node { mode: Validator { validator: 'f_ZX' }, ethapi: false, seed_nodes: ['2Xzri8W'], parent_node: None }, 'ytPNQ': Node { mode: Validator { validator: 'iPd' }, ethapi: false, seed_nodes: ['2Xzri8W'], parent_node: None }}, env: {"CMT___rDM": "⁕᧗Tm\u{86}W", "FM__jNsMLX": ""} }, subnets: {'OIAAB': Subnet { creator: 'iPd', validators: {'fHA_ON': Collateral(TokenAmount(0.000000000000000001)), 'iPd': Collateral(TokenAmount(4.676106809805163365))}, balances: {'eqqqti': Balance(TokenAmount(6.278883500910718379))}, nodes: {'Wjm': Node { mode: Validator { validator: 'iPd' }, ethapi: true, seed_nodes: ['_Tz3'], parent_node: Some(Internal('ytPNQ')) }, '_Tz3': Node { mode: Validator { validator: 'fHA_ON' }, ethapi: true, seed_nodes: [], parent_node: Some(Internal('2Xzri8W')) }}, relayers: {'AQ5VNelq': Relayer { submitter: 'f_ZX', follow_node: 'Wjm', submit_node: Internal('2Xzri8W') }, 'JH_Lv89k': Relayer { submitter: 'eqqqti', follow_node: 'Wjm', submit_node: Internal('9fcF') }, 'mVEGKQww': Relayer { submitter: 'eqqqti', follow_node: 'Wjm', submit_node: Internal('9fcF') }}, bottom_up_checkpoint: CheckpointConfig { period: 20416 }, env: {"CMT__FAwV": " (\u{a0}V㯄\u{7f}5P~", "CMT__yckLqO_": "]", "FM__-PBDnk": "d⁇;\u{99}"}, subnets: {'a_B2ET': Subnet { creator: 'eqqqti', validators: {'eqqqti': Collateral(TokenAmount(4.783142365052360646)), 'fHA_ON': Collateral(TokenAmount(1.867169665136070113)), 'f_ZX': Collateral(TokenAmount(6.927759254411342548)), 'iPd': Collateral(TokenAmount(6.700029521346481243))}, balances: {'fHA_ON': Balance(TokenAmount(3.66597148306738934)), 'iPd': Balance(TokenAmount(3.908771491087171112))}, nodes: {'KNhPCouO': Node { mode: Validator { validator: 'eqqqti' }, ethapi: false, seed_nodes: [], parent_node: Some(Internal('_Tz3')) }, 'MlW': Node { mode: Validator { validator: 'f_ZX' }, ethapi: true, seed_nodes: ['KNhPCouO'], parent_node: Some(Internal('Wjm')) }, 'Nkm': Node { mode: Full, ethapi: true, seed_nodes: ['KNhPCouO', 'MlW'], parent_node: Some(Internal('Wjm')) }, 'faJwRIB': Node { mode: Validator { validator: 'fHA_ON' }, ethapi: true, seed_nodes: ['KNhPCouO'], parent_node: Some(Internal('Wjm')) }}, relayers: {'EEhBJk': Relayer { submitter: 'eqqqti', follow_node: 'KNhPCouO', submit_node: Internal('_Tz3') }, 'JXoBTnAJ': Relayer { submitter: 'eqqqti', follow_node: 'MlW', submit_node: Internal('_Tz3') }}, bottom_up_checkpoint: CheckpointConfig { period: 69588 }, env: {"FM__U4Ln": "?5-b6X"}, subnets: {} }, 'hsS8': Subnet { creator: 'eqqqti', validators: {'-ehA': Collateral(TokenAmount(4.177615969204677409)), 'iPd': Collateral(TokenAmount(3.023520693388139466))}, balances: {'fHA_ON': Balance(TokenAmount(3.99904941908933658)), 'f_ZX': Balance(TokenAmount(0.016787427968912834))}, nodes: {'BP9kN-7H': Node { mode: Validator { validator: '-ehA' }, ethapi: false, seed_nodes: [], parent_node: Some(Internal('_Tz3')) }, 'RgO4P': Node { mode: Validator { validator: 'iPd' }, ethapi: true, seed_nodes: ['BP9kN-7H'], parent_node: Some(Internal('_Tz3')) }}, relayers: {'6H8': Relayer { submitter: 'eqqqti', follow_node: 'RgO4P', submit_node: Internal('_Tz3') }, 'iM3nURY7': Relayer { submitter: 'eqqqti', follow_node: 'BP9kN-7H', submit_node: Internal('Wjm') }, 'pAzBpx0A': Relayer { submitter: 'eqqqti', follow_node: 'RgO4P', submit_node: Internal('Wjm') }}, bottom_up_checkpoint: CheckpointConfig { period: 52876 }, env: {"FM__ALjA": "\u{1d}⁒F\t", "FM__OQlQrBC_": "\u{58486}\"", "FM___gj9W": "\u{3000}둘", "FM__l1xT": "纗\0"}, subnets: {} }} }, 'Xix27': Subnet { creator: '-ehA', validators: {'eqqqti': Collateral(TokenAmount(2.273965564539515671))}, balances: {'-ehA': Balance(TokenAmount(4.462424318869078388)), 'eqqqti': Balance(TokenAmount(0.000000000000000001))}, nodes: {'EMVA1wX8': Node { mode: Validator { validator: 'eqqqti' }, ethapi: false, seed_nodes: [], parent_node: Some(Internal('ytPNQ')) }}, relayers: {'AaY': Relayer { submitter: 'f_ZX', follow_node: 'EMVA1wX8', submit_node: Internal('ytPNQ') }}, bottom_up_checkpoint: CheckpointConfig { period: 86 }, env: {"FM__-vAVSaCB": "\u{87}", "FM__GANBlUA": "> \u{6}8", "FM__J9S70J": "W<;[>N7"}, subnets: {'BSuqr': Subnet { creator: 'eqqqti', validators: {'eqqqti': Collateral(TokenAmount(3.966640668041645659)), 'iPd': Collateral(TokenAmount(7.955897069057031398))}, balances: {'-ehA': Balance(TokenAmount(3.580135969056598395)), 'eqqqti': Balance(TokenAmount(2.848608469072110344)), 'fHA_ON': Balance(TokenAmount(3.19793170673870956)), 'iPd': Balance(TokenAmount(3.455357208511056337))}, nodes: {'2RrAM_M': Node { mode: Validator { validator: 'iPd' }, ethapi: true, seed_nodes: ['dIEn0B'], parent_node: Some(Internal('EMVA1wX8')) }, 'dIEn0B': Node { mode: Validator { validator: 'eqqqti' }, ethapi: true, seed_nodes: [], parent_node: Some(Internal('EMVA1wX8')) }}, relayers: {'E4RnO': Relayer { submitter: '-ehA', follow_node: 'dIEn0B', submit_node: Internal('EMVA1wX8') }, 'HOj': Relayer { submitter: 'eqqqti', follow_node: '2RrAM_M', submit_node: Internal('EMVA1wX8') }}, bottom_up_checkpoint: CheckpointConfig { period: 10175 }, env: {"FM__-d0B": "", "FM__BMijgql": "@+_毼<", "FM__B_h": "y\u{19}¥§", "FM__gDpB": "\u{46850}"}, subnets: {} }, 'V09gr': Subnet { creator: '-ehA', validators: {'-ehA': Collateral(TokenAmount(1.201438629685537523)), 'f_ZX': Collateral(TokenAmount(5.847338233826462781))}, balances: {'eqqqti': Balance(TokenAmount(8.364947985555720798)), 'fHA_ON': Balance(TokenAmount(0.000000000000000001)), 'f_ZX': Balance(TokenAmount(5.278587617192961211)), 'iPd': Balance(TokenAmount(6.976379959117607671))}, nodes: {'AJQ-j': Node { mode: Validator { validator: '-ehA' }, ethapi: true, seed_nodes: [], parent_node: Some(Internal('EMVA1wX8')) }, 'k0n': Node { mode: Validator { validator: 'f_ZX' }, ethapi: true, seed_nodes: ['AJQ-j'], parent_node: Some(Internal('EMVA1wX8')) }}, relayers: {'m6Pelb3': Relayer { submitter: '-ehA', follow_node: 'AJQ-j', submit_node: Internal('EMVA1wX8') }, 'qpPslo': Relayer { submitter: '-ehA', follow_node: 'AJQ-j', submit_node: Internal('EMVA1wX8') }}, bottom_up_checkpoint: CheckpointConfig { period: 7187 }, env: {"CMT__sU_9fp": "\u{c} )\" \u{74918}+", "FM__vpsIh_t": "`"}, subnets: {} }} }} }