SnapshotManifest { block_height: 18446744073709551615, size: 11344242012067624990, chunks: 22076, checksum: Hash::Sha256(A3B844BB3068947681E591126B1AAC925B7BF1BB56BA6DB77D87745365B0949E), state_params: FvmStateParams { state_root: Cid(QmYbxwhLej3Te1etMuFqWb3Gwy7CpVaXAe5deWmqrphMhg), timestamp: Timestamp(1), network_version: NetworkVersion(4294967295), base_fee: TokenAmount(299246354255658060378.714945246048246606), circ_supply: TokenAmount(93362016975129332347.987662062653906832), chain_id: 503525136242505, power_scale: 0 }, version: 0 }
