Ipc(TopDownExec(ParentFinality { height: 3233809629, block_hash: [150, 0, 100, 212, 209, 1, 180, 165, 12] }))