Message { version: 3713300360968227473, from: Address { payload: Delegated(DelegatedAddress { namespace: 2109965875153672877, length: 44, buffer: [203, 247, 49, 214, 181, 159, 52, 150, 170, 201, 98, 224, 66, 201, 139, 221, 107, 105, 171, 39, 154, 56, 102, 125, 100, 193, 155, 216, 185, 219, 96, 151, 100, 152, 12, 19, 61, 1, 134, 235, 26, 1, 188, 110, 0, 0, 0, 0, 0, 0, 0, 0, 0, 0] }) }, to: Address { payload: BLS([255, 93, 70, 91, 196, 75, 1, 123, 239, 41, 150, 75, 192, 188, 108, 200, 75, 114, 7, 3, 60, 3, 40, 94, 24, 114, 173, 0, 107, 61, 163, 141, 163, 146, 35, 255, 114, 179, 247, 73, 2, 22, 142, 215, 72, 166, 7, 130]) }, sequence: 10015494551597529448, value: TokenAmount(17.944987747335534201), method_num: 11691314341994836873, params: RawBytes { ac8ff874 }, gas_limit: 11122191285217787318, gas_fee_cap: TokenAmount(31757585514871112913072579344521071329437603387853566530475.694921303272763956), gas_premium: TokenAmount(855557112755549049555464473455842432394.361919810497162303) }