Manifest { accounts: {'4rENv3UF': Account, '6zLbz2': Account, 'JExQ': Account, 'JYWv_Qsa': Account, 'RrX': Account}, rootnet: External { deployment: New { deployer: 'JExQ' }, urls: [Url { inner: Url { scheme: "https", cannot_be_a_base: false, username: "", password: None, host: Some(Domain("0hjym.api.calibration.node.glif.io")), port: None, path: "/rpc/v1", query: None, fragment: None }, scheme: Https, host: "0hjym.api.calibration.node.glif.io", port: 443 }, Url { inner: Url { scheme: "https", cannot_be_a_base: false, username: "", password: None, host: Some(Domain("4c1xblz.api.calibration.node.glif.io")), port: None, path: "/rpc/v1", query: None, fragment: None }, scheme: Https, host: "4c1xblz.api.calibration.node.glif.io", port: 443 }] }, subnets: {'XRge9_': Subnet { creator: '4rENv3UF', validators: {'4rENv3UF': Collateral(TokenAmount(8.736963158625135281))}, balances: {'6zLbz2': Balance(TokenAmount(1.339038485993120736)), 'JExQ': Balance(TokenAmount(9.346083914812007261)), 'JYWv_Qsa': Balance(TokenAmount(0.000000000000000001))}, nodes: {'yLBi': Node { mode: Validator { validator: '4rENv3UF' }, ethapi: false, seed_nodes: [], parent_node: Some(External(Url { inner: Url { scheme: "https", cannot_be_a_base: false, username: "", password: None, host: Some(Domain("4c1xblz.api.calibration.node.glif.io")), port: None, path: "/rpc/v1", query: None, fragment: None }, scheme: Https, host: "4c1xblz.api.calibration.node.glif.io", port: 443 })) }}, relayers: {'8NnI': Relayer { submitter: 'JYWv_Qsa', follow_node: 'yLBi', submit_node: External(Url { inner: Url { scheme: "https", cannot_be_a_base: false, username: "", password: None, host: Some(Domain("4c1xblz.api.calibration.node.glif.io")), port: None, path: "/rpc/v1", query: None, fragment: None }, scheme: Https, host: "4c1xblz.api.calibration.node.glif.io", port: 443 }) }, 'UIF_ZdMM': Relayer { submitter: 'RrX', follow_node: 'yLBi', submit_node: External(Url { inner: Url { scheme: "https", cannot_be_a_base: false, username: "", password: None, host: Some(Domain("0hjym.api.calibration.node.glif.io")), port: None, path: "/rpc/v1", query: None, fragment: None }, scheme: Https, host: "0hjym.api.calibration.node.glif.io", port: 443 }) }, 'ulJUbp': Relayer { submitter: 'RrX', follow_node: 'yLBi', submit_node: External(Url { inner: Url { scheme: "https", cannot_be_a_base: false, username: "", password: None, host: Some(Domain("0hjym.api.calibration.node.glif.io")), port: None, path: "/rpc/v1", query: None, fragment: None }, scheme: Https, host: "0hjym.api.calibration.node.glif.io", port: 443 }) }}, subnets: {'NeBA': Subnet { creator: 'JExQ', validators: {'6zLbz2': Collateral(TokenAmount(6.777379231671441995))}, balances: {'JExQ': Balance(TokenAmount(6.281472171185470205)), 'RrX': Balance(TokenAmount(8.488966238082773925))}, nodes: {'sPxg66': Node { mode: Validator { validator: '6zLbz2' }, ethapi: true, seed_nodes: [], parent_node: Some(Internal('yLBi')) }}, relayers: {'Mdky': Relayer { submitter: '6zLbz2', follow_node: 'sPxg66', submit_node: Internal('yLBi') }, 'kUi_': Relayer { submitter: '6zLbz2', follow_node: 'sPxg66', submit_node: Internal('yLBi') }, 'pny': Relayer { submitter: 'JExQ', follow_node: 'sPxg66', submit_node: Internal('yLBi') }}, subnets: {} }} }} }