{
  "accounts": {
    "4rENv3UF": {},
    "6zLbz2": {},
    "JExQ": {},
    "JYWv_Qsa": {},
    "RrX": {}
  },
  "rootnet": {
    "type": "External",
    "deployment": {
      "type": "New",
      "deployer": "JExQ"
    },
    "urls": [
      "https://0hjym.api.calibration.node.glif.io/rpc/v1",
      "https://4c1xblz.api.calibration.node.glif.io/rpc/v1"
    ]
  },
  "subnets": {
    "XRge9_": {
      "creator": "4rENv3UF",
      "validators": {
        "4rENv3UF": "8736963158625135281"
      },
      "balances": {
        "6zLbz2": "1339038485993120736",
        "JExQ": "9346083914812007261",
        "JYWv_Qsa": "1"
      },
      "nodes": {
        "yLBi": {
          "mode": {
            "type": "Validator",
            "validator": "4rENv3UF"
          },
          "ethapi": false,
          "seed_nodes": [],
          "parent_node": "https://4c1xblz.api.calibration.node.glif.io/rpc/v1"
        }
      },
      "relayers": {
        "8NnI": {
          "submitter": "JYWv_Qsa",
          "follow_node": "yLBi",
          "submit_node": "https://4c1xblz.api.calibration.node.glif.io/rpc/v1"
        },
        "UIF_ZdMM": {
          "submitter": "RrX",
          "follow_node": "yLBi",
          "submit_node": "https://0hjym.api.calibration.node.glif.io/rpc/v1"
        },
        "ulJUbp": {
          "submitter": "RrX",
          "follow_node": "yLBi",
          "submit_node": "https://0hjym.api.calibration.node.glif.io/rpc/v1"
        }
      },
      "subnets": {
        "NeBA": {
          "creator": "JExQ",
          "validators": {
            "6zLbz2": "6777379231671441995"
          },
          "balances": {
            "JExQ": "6281472171185470205",
            "RrX": "8488966238082773925"
          },
          "nodes": {
            "sPxg66": {
              "mode": {
                "type": "Validator",
                "validator": "6zLbz2"
              },
              "ethapi": true,
              "seed_nodes": [],
              "parent_node": "yLBi"
            }
          },
          "relayers": {
            "Mdky": {
              "submitter": "6zLbz2",
              "follow_node": "sPxg66",
              "submit_node": "yLBi"
            },
            "kUi_": {
              "submitter": "6zLbz2",
              "follow_node": "sPxg66",
              "submit_node": "yLBi"
            },
            "pny": {
              "submitter": "JExQ",
              "follow_node": "sPxg66",
              "submit_node": "yLBi"
            }
          },
          "subnets": {}
        }
      }
    }
  }
}