ActorState { code: Cid(QmXRRwhd1nN8zzfwsDhwQU5VeYf96rzb5NrJYr2bgz59HW), state: Cid(QmbyLLet5eDJxHPgXbRr146mgwtGWFkii3HvrqXDJpRkGY), sequence: 18117264436219611311, balance: TokenAmount(12837375353358104575764595313077765395794546135086142370656331495972793855553867421435159587158883947028703783392634027814199088685207472.895591517170967535), delegated_address: Some(Address { payload: BLS([122, 172, 114, 1, 186, 153, 189, 226, 58, 223, 131, 198, 196, 117, 85, 0, 255, 196, 135, 7, 34, 62, 140, 113, 74, 36, 71, 172, 126, 168, 217, 17, 43, 112, 2, 66, 47, 145, 172, 59, 86, 119, 93, 153, 94, 249, 19, 119]) }) }